Embedded App.
<script>
  window.inlineScriptValues = [];
</script>
<script src="/external.js?value=a"></script>
<link href="/external.js?value=b" rel="preload" as="script" /><link
  href="/external.js?value=c"
  rel="preload"
  as="script"
/>
