Embedded App. <link rel="stylesheet" href="/external.css?color=#cb95fc" /><link
  href="/external.css?color=#851cd7"
  rel="preload"
  as="style"
/>
