Embedded App. <link rel="stylesheet" href="/external.css?color=#cb95fc" />
