Embedded App.
<script>
  scriptValues = ["a", "b"];
</script>
After Script.
