Embedded App.
<script src="/external.js?value=a"></script>
<link href="/external.js?value=b" rel="preload" as="script" /><link
  href="/external.js?value=c"
  rel="preload"
  as="script"
/><link href="/external.js?value=e" rel="modulepreload" />
