Embedded App.
<script src="/external.js?value=a"></script>
<link href="/external.js?value=c" rel="preload" as="script" /><link
  href="/external.js?value=e"
  rel="modulepreload"
/>
<script src="/external.js?value=b" async=""></script>
<script src="/external.js?value=c" defer=""></script>
<script src="/external.js?value=d" nomodule=""></script>
<script src="/external.js?value=e" type="module"></script>
After blocking.
