Embedded App.
<style>
  h1 {
    color: red;
  }
</style>
After Styles.
